V3 15
FL C:/Users/troels/Documents/xilinx/motorstyring/DispController.vhd 2011/03/11.12:08:43 M.81d
EN work/DispController 1299841750 \
      FL C:/Users/troels/Documents/xilinx/motorstyring/DispController.vhd \
      PB ieee/std_logic_1164 1290154108 PB ieee/std_logic_arith 1290154109 \
      PB ieee/STD_LOGIC_UNSIGNED 1290154110
AR work/DispController/Behavioral 1299841751 \
      FL C:/Users/troels/Documents/xilinx/motorstyring/DispController.vhd \
      EN work/DispController 1299841750
FL C:/Users/troels/Documents/xilinx/motorstyring/motor.vhd 2011/03/11.10:47:10 M.81d
EN work/motor 1299841752 \
      FL C:/Users/troels/Documents/xilinx/motorstyring/motor.vhd \
      PB ieee/std_logic_1164 1290154108 PB ieee/std_logic_arith 1290154109 \
      PB ieee/STD_LOGIC_UNSIGNED 1290154110
AR work/motor/Behavioral 1299841753 \
      FL C:/Users/troels/Documents/xilinx/motorstyring/motor.vhd EN work/motor 1299841752
FL C:/Users/troels/Documents/xilinx/motorstyring/PosMeasurer.vhd 2011/03/11.10:49:56 M.81d
EN work/PosMeasurer 1299841754 \
      FL C:/Users/troels/Documents/xilinx/motorstyring/PosMeasurer.vhd \
      PB ieee/std_logic_1164 1290154108 PB ieee/std_logic_arith 1290154109 \
      PB ieee/STD_LOGIC_UNSIGNED 1290154110
AR work/PosMeasurer/Behavioral 1299841755 \
      FL C:/Users/troels/Documents/xilinx/motorstyring/PosMeasurer.vhd \
      EN work/PosMeasurer 1299841754
FL C:/Users/troels/Documents/xilinx/motorstyring/split4cif.vhd 2011/03/11.11:57:37 M.81d
EN work/split4cif 1299841756 \
      FL C:/Users/troels/Documents/xilinx/motorstyring/split4cif.vhd \
      PB ieee/std_logic_1164 1290154108 PB ieee/std_logic_arith 1290154109 \
      PB ieee/STD_LOGIC_UNSIGNED 1290154110
AR work/split4cif/Behavioral 1299841757 \
      FL C:/Users/troels/Documents/xilinx/motorstyring/split4cif.vhd \
      EN work/split4cif 1299841756
FL C:/Users/troels/Documents/xilinx/motorstyring/toggleButton1.vhd 2011/03/03.15:26:05 M.81d
EN work/toggleButton1 1299841758 \
      FL C:/Users/troels/Documents/xilinx/motorstyring/toggleButton1.vhd \
      PB ieee/std_logic_1164 1290154108 PB ieee/std_logic_arith 1290154109 \
      PB ieee/STD_LOGIC_UNSIGNED 1290154110
AR work/toggleButton1/Behavioral 1299841759 \
      FL C:/Users/troels/Documents/xilinx/motorstyring/toggleButton1.vhd \
      EN work/toggleButton1 1299841758
